---
source: tests/insta.rs
expression: split_words(&words)
snapshot_kind: text
---
- hello
- dear
- patric
